Archive member included to satisfy reference by file (symbol)

c:/st/stm32cubeide_1.3.0/stm32cubeide/plugins/com.st.stm32cube.ide.mcu.externaltools.gnu-tools-for-stm32.7-2018-q2-update.win32_1.0.0.201904181610/tools/bin/../lib/gcc/arm-none-eabi/7.3.1/../../../../arm-none-eabi/lib/thumb/v7e-m/fpv4-sp/hard\libc_nano.a(lib_a-errno.o)
                              Core/Src/syscalls.o (__errno)
c:/st/stm32cubeide_1.3.0/stm32cubeide/plugins/com.st.stm32cube.ide.mcu.externaltools.gnu-tools-for-stm32.7-2018-q2-update.win32_1.0.0.201904181610/tools/bin/../lib/gcc/arm-none-eabi/7.3.1/../../../../arm-none-eabi/lib/thumb/v7e-m/fpv4-sp/hard\libc_nano.a(lib_a-exit.o)
                              c:/st/stm32cubeide_1.3.0/stm32cubeide/plugins/com.st.stm32cube.ide.mcu.externaltools.gnu-tools-for-stm32.7-2018-q2-update.win32_1.0.0.201904181610/tools/bin/../lib/gcc/arm-none-eabi/7.3.1/../../../../arm-none-eabi/lib/thumb/v7e-m/fpv4-sp/hard/crt0.o (exit)
c:/st/stm32cubeide_1.3.0/stm32cubeide/plugins/com.st.stm32cube.ide.mcu.externaltools.gnu-tools-for-stm32.7-2018-q2-update.win32_1.0.0.201904181610/tools/bin/../lib/gcc/arm-none-eabi/7.3.1/../../../../arm-none-eabi/lib/thumb/v7e-m/fpv4-sp/hard\libc_nano.a(lib_a-impure.o)
                              c:/st/stm32cubeide_1.3.0/stm32cubeide/plugins/com.st.stm32cube.ide.mcu.externaltools.gnu-tools-for-stm32.7-2018-q2-update.win32_1.0.0.201904181610/tools/bin/../lib/gcc/arm-none-eabi/7.3.1/../../../../arm-none-eabi/lib/thumb/v7e-m/fpv4-sp/hard\libc_nano.a(lib_a-exit.o) (_global_impure_ptr)
c:/st/stm32cubeide_1.3.0/stm32cubeide/plugins/com.st.stm32cube.ide.mcu.externaltools.gnu-tools-for-stm32.7-2018-q2-update.win32_1.0.0.201904181610/tools/bin/../lib/gcc/arm-none-eabi/7.3.1/../../../../arm-none-eabi/lib/thumb/v7e-m/fpv4-sp/hard\libc_nano.a(lib_a-init.o)
                              c:/st/stm32cubeide_1.3.0/stm32cubeide/plugins/com.st.stm32cube.ide.mcu.externaltools.gnu-tools-for-stm32.7-2018-q2-update.win32_1.0.0.201904181610/tools/bin/../lib/gcc/arm-none-eabi/7.3.1/../../../../arm-none-eabi/lib/thumb/v7e-m/fpv4-sp/hard/crt0.o (__libc_init_array)
c:/st/stm32cubeide_1.3.0/stm32cubeide/plugins/com.st.stm32cube.ide.mcu.externaltools.gnu-tools-for-stm32.7-2018-q2-update.win32_1.0.0.201904181610/tools/bin/../lib/gcc/arm-none-eabi/7.3.1/../../../../arm-none-eabi/lib/thumb/v7e-m/fpv4-sp/hard\libc_nano.a(lib_a-memset.o)
                              c:/st/stm32cubeide_1.3.0/stm32cubeide/plugins/com.st.stm32cube.ide.mcu.externaltools.gnu-tools-for-stm32.7-2018-q2-update.win32_1.0.0.201904181610/tools/bin/../lib/gcc/arm-none-eabi/7.3.1/../../../../arm-none-eabi/lib/thumb/v7e-m/fpv4-sp/hard/crt0.o (memset)

Allocating common symbols
Common symbol       size              file

huart3              0x80              Core/Src/main.o
uwTick              0x4               Drivers/STM32F3xx_HAL_Driver/Src/stm32f3xx_hal.o
pFlash              0x20              Drivers/STM32F3xx_HAL_Driver/Src/stm32f3xx_hal_flash.o
hrtc                0x20              Core/Src/main.o
hpcd_USB_FS         0x26c             Core/Src/main.o

Discarded input sections

 .text          0x0000000000000000        0x0 c:/st/stm32cubeide_1.3.0/stm32cubeide/plugins/com.st.stm32cube.ide.mcu.externaltools.gnu-tools-for-stm32.7-2018-q2-update.win32_1.0.0.201904181610/tools/bin/../lib/gcc/arm-none-eabi/7.3.1/thumb/v7e-m/fpv4-sp/hard/crti.o
 .data          0x0000000000000000        0x0 c:/st/stm32cubeide_1.3.0/stm32cubeide/plugins/com.st.stm32cube.ide.mcu.externaltools.gnu-tools-for-stm32.7-2018-q2-update.win32_1.0.0.201904181610/tools/bin/../lib/gcc/arm-none-eabi/7.3.1/thumb/v7e-m/fpv4-sp/hard/crti.o
 .bss           0x0000000000000000        0x0 c:/st/stm32cubeide_1.3.0/stm32cubeide/plugins/com.st.stm32cube.ide.mcu.externaltools.gnu-tools-for-stm32.7-2018-q2-update.win32_1.0.0.201904181610/tools/bin/../lib/gcc/arm-none-eabi/7.3.1/thumb/v7e-m/fpv4-sp/hard/crti.o
 .data          0x0000000000000000        0x4 c:/st/stm32cubeide_1.3.0/stm32cubeide/plugins/com.st.stm32cube.ide.mcu.externaltools.gnu-tools-for-stm32.7-2018-q2-update.win32_1.0.0.201904181610/tools/bin/../lib/gcc/arm-none-eabi/7.3.1/thumb/v7e-m/fpv4-sp/hard/crtbegin.o
 .text          0x0000000000000000       0x74 c:/st/stm32cubeide_1.3.0/stm32cubeide/plugins/com.st.stm32cube.ide.mcu.externaltools.gnu-tools-for-stm32.7-2018-q2-update.win32_1.0.0.201904181610/tools/bin/../lib/gcc/arm-none-eabi/7.3.1/../../../../arm-none-eabi/lib/thumb/v7e-m/fpv4-sp/hard/crt0.o
 .data          0x0000000000000000        0x0 c:/st/stm32cubeide_1.3.0/stm32cubeide/plugins/com.st.stm32cube.ide.mcu.externaltools.gnu-tools-for-stm32.7-2018-q2-update.win32_1.0.0.201904181610/tools/bin/../lib/gcc/arm-none-eabi/7.3.1/../../../../arm-none-eabi/lib/thumb/v7e-m/fpv4-sp/hard/crt0.o
[...]
Memory Configuration

Name             Origin             Length             Attributes
CCMRAM           0x0000000010000000 0x0000000000004000 xrw
RAM              0x0000000020000000 0x0000000000010000 xrw
FLASH            0x0000000008000000 0x0000000000080000 xr
*default*        0x0000000000000000 0xffffffffffffffff

Linker script and memory map

LOAD c:/st/stm32cubeide_1.3.0/stm32cubeide/plugins/com.st.stm32cube.ide.mcu.externaltools.gnu-tools-for-stm32.7-2018-q2-update.win32_1.0.0.201904181610/tools/bin/../lib/gcc/arm-none-eabi/7.3.1/thumb/v7e-m/fpv4-sp/hard/crti.o
LOAD c:/st/stm32cubeide_1.3.0/stm32cubeide/plugins/com.st.stm32cube.ide.mcu.externaltools.gnu-tools-for-stm32.7-2018-q2-update.win32_1.0.0.201904181610/tools/bin/../lib/gcc/arm-none-eabi/7.3.1/thumb/v7e-m/fpv4-sp/hard/crtbegin.o
LOAD c:/st/stm32cubeide_1.3.0/stm32cubeide/plugins/com.st.stm32cube.ide.mcu.externaltools.gnu-tools-for-stm32.7-2018-q2-update.win32_1.0.0.201904181610/tools/bin/../lib/gcc/arm-none-eabi/7.3.1/../../../../arm-none-eabi/lib/thumb/v7e-m/fpv4-sp/hard/crt0.o
LOAD Core/Src/main.o
LOAD Core/Src/stm32f3xx_hal_msp.o
LOAD Core/Src/stm32f3xx_it.o
LOAD Core/Src/syscalls.o
LOAD Core/Src/sysmem.o
LOAD Core/Src/system_stm32f3xx.o
LOAD Core/Startup/startup_stm32f303zetx.o
LOAD Drivers/STM32F3xx_HAL_Driver/Src/stm32f3xx_hal.o
LOAD Drivers/STM32F3xx_HAL_Driver/Src/stm32f3xx_hal_cortex.o
LOAD Drivers/STM32F3xx_HAL_Driver/Src/stm32f3xx_hal_dma.o
LOAD Drivers/STM32F3xx_HAL_Driver/Src/stm32f3xx_hal_exti.o
LOAD Drivers/STM32F3xx_HAL_Driver/Src/stm32f3xx_hal_flash.o
LOAD Drivers/STM32F3xx_HAL_Driver/Src/stm32f3xx_hal_flash_ex.o
LOAD Drivers/STM32F3xx_HAL_Driver/Src/stm32f3xx_hal_gpio.o
LOAD Drivers/STM32F3xx_HAL_Driver/Src/stm32f3xx_hal_i2c.o
LOAD Drivers/STM32F3xx_HAL_Driver/Src/stm32f3xx_hal_i2c_ex.o
LOAD Drivers/STM32F3xx_HAL_Driver/Src/stm32f3xx_hal_pcd.o
LOAD Drivers/STM32F3xx_HAL_Driver/Src/stm32f3xx_hal_pcd_ex.o
LOAD Drivers/STM32F3xx_HAL_Driver/Src/stm32f3xx_hal_pwr.o
LOAD Drivers/STM32F3xx_HAL_Driver/Src/stm32f3xx_hal_pwr_ex.o
LOAD Drivers/STM32F3xx_HAL_Driver/Src/stm32f3xx_hal_rcc.o
LOAD Drivers/STM32F3xx_HAL_Driver/Src/stm32f3xx_hal_rcc_ex.o
LOAD Drivers/STM32F3xx_HAL_Driver/Src/stm32f3xx_hal_rtc.o
LOAD Drivers/STM32F3xx_HAL_Driver/Src/stm32f3xx_hal_rtc_ex.o
LOAD Drivers/STM32F3xx_HAL_Driver/Src/stm32f3xx_hal_tim.o
LOAD Drivers/STM32F3xx_HAL_Driver/Src/stm32f3xx_hal_tim_ex.o
LOAD Drivers/STM32F3xx_HAL_Driver/Src/stm32f3xx_hal_uart.o
LOAD Drivers/STM32F3xx_HAL_Driver/Src/stm32f3xx_hal_uart_ex.o
LOAD Drivers/STM32F3xx_HAL_Driver/Src/stm32f3xx_ll_usb.o
START GROUP
LOAD c:/st/stm32cubeide_1.3.0/stm32cubeide/plugins/com.st.stm32cube.ide.mcu.externaltools.gnu-tools-for-stm32.7-2018-q2-update.win32_1.0.0.201904181610/tools/bin/../lib/gcc/arm-none-eabi/7.3.1/../../../../arm-none-eabi/lib/thumb/v7e-m/fpv4-sp/hard\libstdc++_nano.a
LOAD c:/st/stm32cubeide_1.3.0/stm32cubeide/plugins/com.st.stm32cube.ide.mcu.externaltools.gnu-tools-for-stm32.7-2018-q2-update.win32_1.0.0.201904181610/tools/bin/../lib/gcc/arm-none-eabi/7.3.1/../../../../arm-none-eabi/lib/thumb/v7e-m/fpv4-sp/hard\libsupc++_nano.a
END GROUP
LOAD c:/st/stm32cubeide_1.3.0/stm32cubeide/plugins/com.st.stm32cube.ide.mcu.externaltools.gnu-tools-for-stm32.7-2018-q2-update.win32_1.0.0.201904181610/tools/bin/../lib/gcc/arm-none-eabi/7.3.1/../../../../arm-none-eabi/lib/thumb/v7e-m/fpv4-sp/hard\libstdc++_nano.a
LOAD c:/st/stm32cubeide_1.3.0/stm32cubeide/plugins/com.st.stm32cube.ide.mcu.externaltools.gnu-tools-for-stm32.7-2018-q2-update.win32_1.0.0.201904181610/tools/bin/../lib/gcc/arm-none-eabi/7.3.1/../../../../arm-none-eabi/lib/thumb/v7e-m/fpv4-sp/hard\libm.a
LOAD c:/st/stm32cubeide_1.3.0/stm32cubeide/plugins/com.st.stm32cube.ide.mcu.externaltools.gnu-tools-for-stm32.7-2018-q2-update.win32_1.0.0.201904181610/tools/bin/../lib/gcc/arm-none-eabi/7.3.1/../../../../arm-none-eabi/lib/thumb/v7e-m/fpv4-sp/hard\libc_nano.a
START GROUP
LOAD c:/st/stm32cubeide_1.3.0/stm32cubeide/plugins/com.st.stm32cube.ide.mcu.externaltools.gnu-tools-for-stm32.7-2018-q2-update.win32_1.0.0.201904181610/tools/bin/../lib/gcc/arm-none-eabi/7.3.1/thumb/v7e-m/fpv4-sp/hard\libgcc.a
LOAD c:/st/stm32cubeide_1.3.0/stm32cubeide/plugins/com.st.stm32cube.ide.mcu.externaltools.gnu-tools-for-stm32.7-2018-q2-update.win32_1.0.0.201904181610/tools/bin/../lib/gcc/arm-none-eabi/7.3.1/../../../../arm-none-eabi/lib/thumb/v7e-m/fpv4-sp/hard\libc_nano.a
END GROUP
START GROUP
LOAD c:/st/stm32cubeide_1.3.0/stm32cubeide/plugins/com.st.stm32cube.ide.mcu.externaltools.gnu-tools-for-stm32.7-2018-q2-update.win32_1.0.0.201904181610/tools/bin/../lib/gcc/arm-none-eabi/7.3.1/thumb/v7e-m/fpv4-sp/hard\libgcc.a
LOAD c:/st/stm32cubeide_1.3.0/stm32cubeide/plugins/com.st.stm32cube.ide.mcu.externaltools.gnu-tools-for-stm32.7-2018-q2-update.win32_1.0.0.201904181610/tools/bin/../lib/gcc/arm-none-eabi/7.3.1/../../../../arm-none-eabi/lib/thumb/v7e-m/fpv4-sp/hard\libc_nano.a
LOAD c:/st/stm32cubeide_1.3.0/stm32cubeide/plugins/com.st.stm32cube.ide.mcu.externaltools.gnu-tools-for-stm32.7-2018-q2-update.win32_1.0.0.201904181610/tools/bin/../lib/gcc/arm-none-eabi/7.3.1/../../../../arm-none-eabi/lib/thumb/v7e-m/fpv4-sp/hard\libnosys.a
END GROUP
START GROUP
LOAD c:/st/stm32cubeide_1.3.0/stm32cubeide/plugins/com.st.stm32cube.ide.mcu.externaltools.gnu-tools-for-stm32.7-2018-q2-update.win32_1.0.0.201904181610/tools/bin/../lib/gcc/arm-none-eabi/7.3.1/thumb/v7e-m/fpv4-sp/hard\libgcc.a
LOAD c:/st/stm32cubeide_1.3.0/stm32cubeide/plugins/com.st.stm32cube.ide.mcu.externaltools.gnu-tools-for-stm32.7-2018-q2-update.win32_1.0.0.201904181610/tools/bin/../lib/gcc/arm-none-eabi/7.3.1/../../../../arm-none-eabi/lib/thumb/v7e-m/fpv4-sp/hard\libc_nano.a
LOAD c:/st/stm32cubeide_1.3.0/stm32cubeide/plugins/com.st.stm32cube.ide.mcu.externaltools.gnu-tools-for-stm32.7-2018-q2-update.win32_1.0.0.201904181610/tools/bin/../lib/gcc/arm-none-eabi/7.3.1/../../../../arm-none-eabi/lib/thumb/v7e-m/fpv4-sp/hard\libnosys.a
END GROUP
LOAD c:/st/stm32cubeide_1.3.0/stm32cubeide/plugins/com.st.stm32cube.ide.mcu.externaltools.gnu-tools-for-stm32.7-2018-q2-update.win32_1.0.0.201904181610/tools/bin/../lib/gcc/arm-none-eabi/7.3.1/thumb/v7e-m/fpv4-sp/hard/crtend.o
LOAD c:/st/stm32cubeide_1.3.0/stm32cubeide/plugins/com.st.stm32cube.ide.mcu.externaltools.gnu-tools-for-stm32.7-2018-q2-update.win32_1.0.0.201904181610/tools/bin/../lib/gcc/arm-none-eabi/7.3.1/thumb/v7e-m/fpv4-sp/hard/crtn.o
                0x0000000020010000                _estack = (ORIGIN (RAM) + LENGTH (RAM))
                0x0000000000000200                _Min_Heap_Size = 0x200
                0x0000000000000400                _Min_Stack_Size = 0x400

.isr_vector     0x0000000008000000      0x194
                0x0000000008000000                . = ALIGN (0x4)
 *(.isr_vector)
 .isr_vector    0x0000000008000000      0x194 Core/Startup/startup_stm32f303zetx.o
                0x0000000008000000                g_pfnVectors
                0x0000000008000194                . = ALIGN (0x4)

.text           0x0000000008000194     0x3eb8
                0x0000000008000194                . = ALIGN (0x4)
 *(.text)
 .text          0x0000000008000194       0x40 c:/st/stm32cubeide_1.3.0/stm32cubeide/plugins/com.st.stm32cube.ide.mcu.externaltools.gnu-tools-for-stm32.7-2018-q2-update.win32_1.0.0.201904181610/tools/bin/../lib/gcc/arm-none-eabi/7.3.1/thumb/v7e-m/fpv4-sp/hard/crtbegin.o
 *(.text*)
 .text.main     0x00000000080001d4       0x1e Core/Src/main.o
                0x00000000080001d4                main
 *fill*         0x00000000080001f2        0x2 
 .text.SystemClock_Config
                0x00000000080001f4       0xd0 Core/Src/main.o
                0x00000000080001f4                SystemClock_Config
 .text.MX_RTC_Init
                0x00000000080002c4       0x4c Core/Src/main.o
 .text.MX_USART3_UART_Init
                0x0000000008000310       0x60 Core/Src/main.o
 .text.MX_USB_PCD_Init
                0x0000000008000370       0x4c Core/Src/main.o
 .text.MX_GPIO_Init
                0x00000000080003bc      0x144 Core/Src/main.o
 .text.Error_Handler
                0x0000000008000500        0xe Core/Src/main.o
                0x0000000008000500                Error_Handler
 *fill*         0x000000000800050e        0x2 
 .text.HAL_MspInit
                0x0000000008000510       0x48 Core/Src/stm32f3xx_hal_msp.o
                0x0000000008000510                HAL_MspInit
 .text.HAL_RTC_MspInit
                0x0000000008000558       0x4c Core/Src/stm32f3xx_hal_msp.o
                0x0000000008000558                HAL_RTC_MspInit
 .text.HAL_UART_MspInit
                0x00000000080005a4       0x88 Core/Src/stm32f3xx_hal_msp.o
                0x00000000080005a4                HAL_UART_MspInit
 .text.HAL_PCD_MspInit
                0x000000000800062c       0x4c Core/Src/stm32f3xx_hal_msp.o
                0x000000000800062c                HAL_PCD_MspInit
 .text.NMI_Handler
                0x0000000008000678        0xe Core/Src/stm32f3xx_it.o
                0x0000000008000678                NMI_Handler
 .text.HardFault_Handler
                0x0000000008000686        0x6 Core/Src/stm32f3xx_it.o
                0x0000000008000686                HardFault_Handler
 .text.MemManage_Handler
                0x000000000800068c        0x6 Core/Src/stm32f3xx_it.o
                0x000000000800068c                MemManage_Handler
 .text.BusFault_Handler
                0x0000000008000692        0x6 Core/Src/stm32f3xx_it.o
                0x0000000008000692                BusFault_Handler
 .text.UsageFault_Handler
                0x0000000008000698        0x6 Core/Src/stm32f3xx_it.o
                0x0000000008000698                UsageFault_Handler
 .text.SVC_Handler
                0x000000000800069e        0xe Core/Src/stm32f3xx_it.o
                0x000000000800069e                SVC_Handler
 .text.DebugMon_Handler
                0x00000000080006ac        0xe Core/Src/stm32f3xx_it.o
                0x00000000080006ac                DebugMon_Handler
 .text.PendSV_Handler
                0x00000000080006ba        0xe Core/Src/stm32f3xx_it.o
                0x00000000080006ba                PendSV_Handler
 .text.SysTick_Handler
                0x00000000080006c8        0xc Core/Src/stm32f3xx_it.o
                0x00000000080006c8                SysTick_Handler
 .text.USB_LP_CAN_RX0_IRQHandler
                0x00000000080006d4       0x14 Core/Src/stm32f3xx_it.o
                0x00000000080006d4                USB_LP_CAN_RX0_IRQHandler
 .text.SystemInit
                0x00000000080006e8       0x2c Core/Src/system_stm32f3xx.o
                0x00000000080006e8                SystemInit
 .text.Reset_Handler
                0x0000000008000714       0x50 Core/Startup/startup_stm32f303zetx.o
                0x0000000008000714                Reset_Handler
 .text.Default_Handler
                0x0000000008000764        0x2 Core/Startup/startup_stm32f303zetx.o
                0x0000000008000764                RTC_Alarm_IRQHandler
                0x0000000008000764                TIM8_TRG_COM_IRQHandler
                0x0000000008000764                TIM8_CC_IRQHandler
                0x0000000008000764                SPI4_IRQHandler
                0x0000000008000764                TIM1_CC_IRQHandler
                0x0000000008000764                USB_HP_IRQHandler
                0x0000000008000764                PVD_IRQHandler
                0x0000000008000764                TAMP_STAMP_IRQHandler
                0x0000000008000764                EXTI3_IRQHandler
                0x0000000008000764                I2C3_ER_IRQHandler
                0x0000000008000764                USB_HP_CAN_TX_IRQHandler
                0x0000000008000764                EXTI0_IRQHandler
                0x0000000008000764                I2C2_EV_IRQHandler
                0x0000000008000764                FPU_IRQHandler
                0x0000000008000764                TIM1_UP_TIM16_IRQHandler
                0x0000000008000764                ADC1_2_IRQHandler
                0x0000000008000764                SPI1_IRQHandler
                0x0000000008000764                CAN_SCE_IRQHandler
                0x0000000008000764                TIM6_DAC_IRQHandler
                0x0000000008000764                TIM8_UP_IRQHandler
                0x0000000008000764                DMA2_Channel2_IRQHandler
                0x0000000008000764                DMA1_Channel4_IRQHandler
                0x0000000008000764                TIM20_TRG_COM_IRQHandler
                0x0000000008000764                USART3_IRQHandler
                0x0000000008000764                DMA1_Channel7_IRQHandler
                0x0000000008000764                UART5_IRQHandler
                0x0000000008000764                ADC3_IRQHandler
                0x0000000008000764                TIM4_IRQHandler
                0x0000000008000764                CAN_RX1_IRQHandler
                0x0000000008000764                DMA2_Channel1_IRQHandler
                0x0000000008000764                I2C1_EV_IRQHandler
                0x0000000008000764                DMA1_Channel6_IRQHandler
                0x0000000008000764                UART4_IRQHandler
                0x0000000008000764                DMA2_Channel4_IRQHandler
                0x0000000008000764                TIM3_IRQHandler
                0x0000000008000764                RCC_IRQHandler
                0x0000000008000764                TIM20_UP_IRQHandler
                0x0000000008000764                DMA1_Channel1_IRQHandler
                0x0000000008000764                Default_Handler
                0x0000000008000764                USBWakeUp_RMP_IRQHandler
                0x0000000008000764                EXTI15_10_IRQHandler
                0x0000000008000764                TIM7_IRQHandler
                0x0000000008000764                I2C3_EV_IRQHandler
                0x0000000008000764                EXTI9_5_IRQHandler
                0x0000000008000764                RTC_WKUP_IRQHandler
                0x0000000008000764                SPI2_IRQHandler
                0x0000000008000764                DMA2_Channel5_IRQHandler
                0x0000000008000764                DMA1_Channel5_IRQHandler
                0x0000000008000764                USB_LP_IRQHandler
                0x0000000008000764                EXTI4_IRQHandler
                0x0000000008000764                TIM1_TRG_COM_TIM17_IRQHandler
                0x0000000008000764                DMA1_Channel3_IRQHandler
                0x0000000008000764                ADC4_IRQHandler
                0x0000000008000764                WWDG_IRQHandler
                0x0000000008000764                TIM2_IRQHandler
                0x0000000008000764                COMP7_IRQHandler
                0x0000000008000764                COMP1_2_3_IRQHandler
                0x0000000008000764                EXTI1_IRQHandler
                0x0000000008000764                USART2_IRQHandler
                0x0000000008000764                COMP4_5_6_IRQHandler
                0x0000000008000764                TIM20_BRK_IRQHandler
                0x0000000008000764                I2C2_ER_IRQHandler
                0x0000000008000764                DMA1_Channel2_IRQHandler
                0x0000000008000764                TIM8_BRK_IRQHandler
                0x0000000008000764                FLASH_IRQHandler
                0x0000000008000764                TIM20_CC_IRQHandler
                0x0000000008000764                USART1_IRQHandler
                0x0000000008000764                SPI3_IRQHandler
                0x0000000008000764                I2C1_ER_IRQHandler
                0x0000000008000764                FMC_IRQHandler
                0x0000000008000764                USBWakeUp_IRQHandler
                0x0000000008000764                DMA2_Channel3_IRQHandler
                0x0000000008000764                EXTI2_TSC_IRQHandler
                0x0000000008000764                TIM1_BRK_TIM15_IRQHandler
 *fill*         0x0000000008000766        0x2 
 .text.HAL_Init
                0x0000000008000768       0x2c Drivers/STM32F3xx_HAL_Driver/Src/stm32f3xx_hal.o
                0x0000000008000768                HAL_Init
 .text.HAL_InitTick
                0x0000000008000794       0x60 Drivers/STM32F3xx_HAL_Driver/Src/stm32f3xx_hal.o
                0x0000000008000794                HAL_InitTick
 .text.HAL_IncTick
                0x00000000080007f4       0x28 Drivers/STM32F3xx_HAL_Driver/Src/stm32f3xx_hal.o
                0x00000000080007f4                HAL_IncTick
 .text.HAL_GetTick
                0x000000000800081c       0x18 Drivers/STM32F3xx_HAL_Driver/Src/stm32f3xx_hal.o
                0x000000000800081c                HAL_GetTick
 .text.__NVIC_SetPriorityGrouping
                0x0000000008000834       0x48 Drivers/STM32F3xx_HAL_Driver/Src/stm32f3xx_hal_cortex.o
 .text.__NVIC_GetPriorityGrouping
                0x000000000800087c       0x1c Drivers/STM32F3xx_HAL_Driver/Src/stm32f3xx_hal_cortex.o
 .text.__NVIC_EnableIRQ
                0x0000000008000898       0x3c Drivers/STM32F3xx_HAL_Driver/Src/stm32f3xx_hal_cortex.o
 .text.__NVIC_SetPriority
                0x00000000080008d4       0x54 Drivers/STM32F3xx_HAL_Driver/Src/stm32f3xx_hal_cortex.o
 .text.NVIC_EncodePriority
                0x0000000008000928       0x66 Drivers/STM32F3xx_HAL_Driver/Src/stm32f3xx_hal_cortex.o
 *fill*         0x000000000800098e        0x2 
 .text.SysTick_Config
                0x0000000008000990       0x44 Drivers/STM32F3xx_HAL_Driver/Src/stm32f3xx_hal_cortex.o
 .text.HAL_NVIC_SetPriorityGrouping
                0x00000000080009d4       0x16 Drivers/STM32F3xx_HAL_Driver/Src/stm32f3xx_hal_cortex.o
                0x00000000080009d4                HAL_NVIC_SetPriorityGrouping
 .text.HAL_NVIC_SetPriority
                0x00000000080009ea       0x38 Drivers/STM32F3xx_HAL_Driver/Src/stm32f3xx_hal_cortex.o
                0x00000000080009ea                HAL_NVIC_SetPriority
 .text.HAL_NVIC_EnableIRQ
                0x0000000008000a22       0x1c Drivers/STM32F3xx_HAL_Driver/Src/stm32f3xx_hal_cortex.o
                0x0000000008000a22                HAL_NVIC_EnableIRQ
 .text.HAL_SYSTICK_Config
                0x0000000008000a3e       0x18 Drivers/STM32F3xx_HAL_Driver/Src/stm32f3xx_hal_cortex.o
                0x0000000008000a3e                HAL_SYSTICK_Config
 *fill*         0x0000000008000a56        0x2 
 .text.HAL_GPIO_Init
                0x0000000008000a58      0x314 Drivers/STM32F3xx_HAL_Driver/Src/stm32f3xx_hal_gpio.o
                0x0000000008000a58                HAL_GPIO_Init
 .text.HAL_GPIO_WritePin
                0x0000000008000d6c       0x30 Drivers/STM32F3xx_HAL_Driver/Src/stm32f3xx_hal_gpio.o
                0x0000000008000d6c                HAL_GPIO_WritePin
 .text.HAL_PCD_Init
                0x0000000008000d9c      0x168 Drivers/STM32F3xx_HAL_Driver/Src/stm32f3xx_hal_pcd.o
                0x0000000008000d9c                HAL_PCD_Init
 .text.HAL_PCD_IRQHandler
                0x0000000008000f04      0x204 Drivers/STM32F3xx_HAL_Driver/Src/stm32f3xx_hal_pcd.o
                0x0000000008000f04                HAL_PCD_IRQHandler
 .text.HAL_PCD_DataOutStageCallback
                0x0000000008001108       0x18 Drivers/STM32F3xx_HAL_Driver/Src/stm32f3xx_hal_pcd.o
                0x0000000008001108                HAL_PCD_DataOutStageCallback
 .text.HAL_PCD_DataInStageCallback
                0x0000000008001120       0x18 Drivers/STM32F3xx_HAL_Driver/Src/stm32f3xx_hal_pcd.o
                0x0000000008001120                HAL_PCD_DataInStageCallback
 .text.HAL_PCD_SetupStageCallback
                0x0000000008001138       0x14 Drivers/STM32F3xx_HAL_Driver/Src/stm32f3xx_hal_pcd.o
                0x0000000008001138                HAL_PCD_SetupStageCallback
 .text.HAL_PCD_SOFCallback
                0x000000000800114c       0x14 Drivers/STM32F3xx_HAL_Driver/Src/stm32f3xx_hal_pcd.o
                0x000000000800114c                HAL_PCD_SOFCallback
 .text.HAL_PCD_ResetCallback
                0x0000000008001160       0x14 Drivers/STM32F3xx_HAL_Driver/Src/stm32f3xx_hal_pcd.o
                0x0000000008001160                HAL_PCD_ResetCallback
 .text.HAL_PCD_SuspendCallback
                0x0000000008001174       0x14 Drivers/STM32F3xx_HAL_Driver/Src/stm32f3xx_hal_pcd.o
                0x0000000008001174                HAL_PCD_SuspendCallback
 .text.HAL_PCD_ResumeCallback
                0x0000000008001188       0x14 Drivers/STM32F3xx_HAL_Driver/Src/stm32f3xx_hal_pcd.o
                0x0000000008001188                HAL_PCD_ResumeCallback
 .text.HAL_PCD_SetAddress
                0x000000000800119c       0x4a Drivers/STM32F3xx_HAL_Driver/Src/stm32f3xx_hal_pcd.o
                0x000000000800119c                HAL_PCD_SetAddress
 .text.HAL_PCD_EP_Receive
                0x00000000080011e6       0x74 Drivers/STM32F3xx_HAL_Driver/Src/stm32f3xx_hal_pcd.o
                0x00000000080011e6                HAL_PCD_EP_Receive
 .text.HAL_PCD_EP_Transmit
                0x000000000800125a       0x72 Drivers/STM32F3xx_HAL_Driver/Src/stm32f3xx_hal_pcd.o
                0x000000000800125a                HAL_PCD_EP_Transmit
 .text.PCD_EP_ISR_Handler
                0x00000000080012cc      0x520 Drivers/STM32F3xx_HAL_Driver/Src/stm32f3xx_hal_pcd.o
 .text.HAL_RCC_OscConfig
                0x00000000080017ec      0xe2c Drivers/STM32F3xx_HAL_Driver/Src/stm32f3xx_hal_rcc.o
                0x00000000080017ec                HAL_RCC_OscConfig
 .text.HAL_RCC_ClockConfig
                0x0000000008002618      0x2f8 Drivers/STM32F3xx_HAL_Driver/Src/stm32f3xx_hal_rcc.o
                0x0000000008002618                HAL_RCC_ClockConfig
 .text.HAL_RCC_GetSysClockFreq
                0x0000000008002910       0xd4 Drivers/STM32F3xx_HAL_Driver/Src/stm32f3xx_hal_rcc.o
                0x0000000008002910                HAL_RCC_GetSysClockFreq
 .text.HAL_RCC_GetHCLKFreq
                0x00000000080029e4       0x18 Drivers/STM32F3xx_HAL_Driver/Src/stm32f3xx_hal_rcc.o
                0x00000000080029e4                HAL_RCC_GetHCLKFreq
 .text.HAL_RCC_GetPCLK1Freq
                0x00000000080029fc       0x44 Drivers/STM32F3xx_HAL_Driver/Src/stm32f3xx_hal_rcc.o
                0x00000000080029fc                HAL_RCC_GetPCLK1Freq
 .text.HAL_RCC_GetPCLK2Freq
                0x0000000008002a40       0x44 Drivers/STM32F3xx_HAL_Driver/Src/stm32f3xx_hal_rcc.o
                0x0000000008002a40                HAL_RCC_GetPCLK2Freq
 .text.HAL_RCCEx_PeriphCLKConfig
                0x0000000008002a84      0x43c Drivers/STM32F3xx_HAL_Driver/Src/stm32f3xx_hal_rcc_ex.o
                0x0000000008002a84                HAL_RCCEx_PeriphCLKConfig
 .text.HAL_RTC_Init
                0x0000000008002ec0      0x122 Drivers/STM32F3xx_HAL_Driver/Src/stm32f3xx_hal_rtc.o
                0x0000000008002ec0                HAL_RTC_Init
 .text.HAL_RTC_WaitForSynchro
                0x0000000008002fe2       0x50 Drivers/STM32F3xx_HAL_Driver/Src/stm32f3xx_hal_rtc.o
                0x0000000008002fe2                HAL_RTC_WaitForSynchro
 .text.RTC_EnterInitMode
                0x0000000008003032       0x58 Drivers/STM32F3xx_HAL_Driver/Src/stm32f3xx_hal_rtc.o
                0x0000000008003032                RTC_EnterInitMode
 .text.HAL_UART_Init
                0x000000000800308a       0x9c Drivers/STM32F3xx_HAL_Driver/Src/stm32f3xx_hal_uart.o
                0x000000000800308a                HAL_UART_Init
 *fill*         0x0000000008003126        0x2 
 .text.UART_SetConfig
                0x0000000008003128      0x434 Drivers/STM32F3xx_HAL_Driver/Src/stm32f3xx_hal_uart.o
                0x0000000008003128                UART_SetConfig
 .text.UART_AdvFeatureConfig
                0x000000000800355c      0x144 Drivers/STM32F3xx_HAL_Driver/Src/stm32f3xx_hal_uart.o
                0x000000000800355c                UART_AdvFeatureConfig
 .text.UART_CheckIdleState
                0x00000000080036a0       0x8a Drivers/STM32F3xx_HAL_Driver/Src/stm32f3xx_hal_uart.o
                0x00000000080036a0                UART_CheckIdleState
 .text.UART_WaitOnFlagUntilTimeout
                0x000000000800372a       0xf6 Drivers/STM32F3xx_HAL_Driver/Src/stm32f3xx_hal_uart.o
                0x000000000800372a                UART_WaitOnFlagUntilTimeout
 .text.USB_EnableGlobalInt
                0x0000000008003820       0x30 Drivers/STM32F3xx_HAL_Driver/Src/stm32f3xx_ll_usb.o
                0x0000000008003820                USB_EnableGlobalInt
 .text.USB_DisableGlobalInt
                0x0000000008003850       0x3a Drivers/STM32F3xx_HAL_Driver/Src/stm32f3xx_ll_usb.o
                0x0000000008003850                USB_DisableGlobalInt
 .text.USB_DevInit
                0x000000000800388a       0x48 Drivers/STM32F3xx_HAL_Driver/Src/stm32f3xx_ll_usb.o
                0x000000000800388a                USB_DevInit
 *fill*         0x00000000080038d2        0x2 
 .text.USB_EPStartXfer
                0x00000000080038d4      0x5a4 Drivers/STM32F3xx_HAL_Driver/Src/stm32f3xx_ll_usb.o
                0x00000000080038d4                USB_EPStartXfer
 .text.USB_SetDevAddress
                0x0000000008003e78       0x28 Drivers/STM32F3xx_HAL_Driver/Src/stm32f3xx_ll_usb.o
                0x0000000008003e78                USB_SetDevAddress
 .text.USB_ReadInterrupts
                0x0000000008003ea0       0x20 Drivers/STM32F3xx_HAL_Driver/Src/stm32f3xx_ll_usb.o
                0x0000000008003ea0                USB_ReadInterrupts
 .text.USB_WritePMA
                0x0000000008003ec0       0x82 Drivers/STM32F3xx_HAL_Driver/Src/stm32f3xx_ll_usb.o
                0x0000000008003ec0                USB_WritePMA
 .text.USB_ReadPMA
                0x0000000008003f42       0x98 Drivers/STM32F3xx_HAL_Driver/Src/stm32f3xx_ll_usb.o
                0x0000000008003f42                USB_ReadPMA
 *fill*         0x0000000008003fda        0x2 
 .text.__libc_init_array
                0x0000000008003fdc       0x48 c:/st/stm32cubeide_1.3.0/stm32cubeide/plugins/com.st.stm32cube.ide.mcu.externaltools.gnu-tools-for-stm32.7-2018-q2-update.win32_1.0.0.201904181610/tools/bin/../lib/gcc/arm-none-eabi/7.3.1/../../../../arm-none-eabi/lib/thumb/v7e-m/fpv4-sp/hard\libc_nano.a(lib_a-init.o)
                0x0000000008003fdc                __libc_init_array
 .text.memset   0x0000000008004024       0x10 c:/st/stm32cubeide_1.3.0/stm32cubeide/plugins/com.st.stm32cube.ide.mcu.externaltools.gnu-tools-for-stm32.7-2018-q2-update.win32_1.0.0.201904181610/tools/bin/../lib/gcc/arm-none-eabi/7.3.1/../../../../arm-none-eabi/lib/thumb/v7e-m/fpv4-sp/hard\libc_nano.a(lib_a-memset.o)
                0x0000000008004024                memset
 *(.glue_7)
 .glue_7        0x0000000008004034        0x0 linker stubs
 *(.glue_7t)
 .glue_7t       0x0000000008004034        0x0 linker stubs
 *(.eh_frame)
 .eh_frame      0x0000000008004034        0x0 c:/st/stm32cubeide_1.3.0/stm32cubeide/plugins/com.st.stm32cube.ide.mcu.externaltools.gnu-tools-for-stm32.7-2018-q2-update.win32_1.0.0.201904181610/tools/bin/../lib/gcc/arm-none-eabi/7.3.1/thumb/v7e-m/fpv4-sp/hard/crtbegin.o
 *(.init)
 .init          0x0000000008004034        0x4 c:/st/stm32cubeide_1.3.0/stm32cubeide/plugins/com.st.stm32cube.ide.mcu.externaltools.gnu-tools-for-stm32.7-2018-q2-update.win32_1.0.0.201904181610/tools/bin/../lib/gcc/arm-none-eabi/7.3.1/thumb/v7e-m/fpv4-sp/hard/crti.o
                0x0000000008004034                _init
 .init          0x0000000008004038        0x8 c:/st/stm32cubeide_1.3.0/stm32cubeide/plugins/com.st.stm32cube.ide.mcu.externaltools.gnu-tools-for-stm32.7-2018-q2-update.win32_1.0.0.201904181610/tools/bin/../lib/gcc/arm-none-eabi/7.3.1/thumb/v7e-m/fpv4-sp/hard/crtn.o
 *(.fini)
 .fini          0x0000000008004040        0x4 c:/st/stm32cubeide_1.3.0/stm32cubeide/plugins/com.st.stm32cube.ide.mcu.externaltools.gnu-tools-for-stm32.7-2018-q2-update.win32_1.0.0.201904181610/tools/bin/../lib/gcc/arm-none-eabi/7.3.1/thumb/v7e-m/fpv4-sp/hard/crti.o
                0x0000000008004040                _fini
 .fini          0x0000000008004044        0x8 c:/st/stm32cubeide_1.3.0/stm32cubeide/plugins/com.st.stm32cube.ide.mcu.externaltools.gnu-tools-for-stm32.7-2018-q2-update.win32_1.0.0.201904181610/tools/bin/../lib/gcc/arm-none-eabi/7.3.1/thumb/v7e-m/fpv4-sp/hard/crtn.o
                0x000000000800404c                . = ALIGN (0x4)
                0x000000000800404c                _etext = .

.vfp11_veneer   0x000000000800404c        0x0
 .vfp11_veneer  0x000000000800404c        0x0 linker stubs

.v4_bx          0x000000000800404c        0x0
 .v4_bx         0x000000000800404c        0x0 linker stubs

.iplt           0x000000000800404c        0x0
 .iplt          0x000000000800404c        0x0 c:/st/stm32cubeide_1.3.0/stm32cubeide/plugins/com.st.stm32cube.ide.mcu.externaltools.gnu-tools-for-stm32.7-2018-q2-update.win32_1.0.0.201904181610/tools/bin/../lib/gcc/arm-none-eabi/7.3.1/thumb/v7e-m/fpv4-sp/hard/crtbegin.o

.rodata         0x000000000800404c       0x38
                0x000000000800404c                . = ALIGN (0x4)
 *(.rodata)
 *(.rodata*)
 .rodata.AHBPrescTable
                0x000000000800404c       0x10 Core/Src/system_stm32f3xx.o
                0x000000000800404c                AHBPrescTable
 .rodata.APBPrescTable
                0x000000000800405c        0x8 Core/Src/system_stm32f3xx.o
                0x000000000800405c                APBPrescTable
 .rodata.aPLLMULFactorTable
                0x0000000008004064       0x10 Drivers/STM32F3xx_HAL_Driver/Src/stm32f3xx_hal_rcc.o
                0x0000000008004064                aPLLMULFactorTable
 .rodata.aPredivFactorTable
                0x0000000008004074       0x10 Drivers/STM32F3xx_HAL_Driver/Src/stm32f3xx_hal_rcc.o
                0x0000000008004074                aPredivFactorTable
                0x0000000008004084                . = ALIGN (0x4)

.rel.dyn        0x0000000008004084        0x0
 .rel.iplt      0x0000000008004084        0x0 c:/st/stm32cubeide_1.3.0/stm32cubeide/plugins/com.st.stm32cube.ide.mcu.externaltools.gnu-tools-for-stm32.7-2018-q2-update.win32_1.0.0.201904181610/tools/bin/../lib/gcc/arm-none-eabi/7.3.1/thumb/v7e-m/fpv4-sp/hard/crtbegin.o

.ARM.extab      0x0000000008004084        0x0
                0x0000000008004084                . = ALIGN (0x4)
 *(.ARM.extab* .gnu.linkonce.armextab.*)
                0x0000000008004084                . = ALIGN (0x4)

.ARM            0x0000000008004084        0x0
                0x0000000008004084                . = ALIGN (0x4)
                0x0000000008004084                __exidx_start = .
 *(.ARM.exidx*)
                0x0000000008004084                __exidx_end = .
                0x0000000008004084                . = ALIGN (0x4)

.preinit_array  0x0000000008004084        0x0
                0x0000000008004084                . = ALIGN (0x4)
                0x0000000008004084                PROVIDE (__preinit_array_start = .)
 *(.preinit_array*)
                0x0000000008004084                PROVIDE (__preinit_array_end = .)
                0x0000000008004084                . = ALIGN (0x4)

.init_array     0x0000000008004084        0x4
                0x0000000008004084                . = ALIGN (0x4)
                0x0000000008004084                PROVIDE (__init_array_start = .)
 *(SORT_BY_NAME(.init_array.*))
 *(.init_array*)
 .init_array    0x0000000008004084        0x4 c:/st/stm32cubeide_1.3.0/stm32cubeide/plugins/com.st.stm32cube.ide.mcu.externaltools.gnu-tools-for-stm32.7-2018-q2-update.win32_1.0.0.201904181610/tools/bin/../lib/gcc/arm-none-eabi/7.3.1/thumb/v7e-m/fpv4-sp/hard/crtbegin.o
                0x0000000008004088                PROVIDE (__init_array_end = .)
                0x0000000008004088                . = ALIGN (0x4)

.fini_array     0x0000000008004088        0x4
                0x0000000008004088                . = ALIGN (0x4)
                [!provide]                        PROVIDE (__fini_array_start = .)
 *(SORT_BY_NAME(.fini_array.*))
 *(.fini_array*)
 .fini_array    0x0000000008004088        0x4 c:/st/stm32cubeide_1.3.0/stm32cubeide/plugins/com.st.stm32cube.ide.mcu.externaltools.gnu-tools-for-stm32.7-2018-q2-update.win32_1.0.0.201904181610/tools/bin/../lib/gcc/arm-none-eabi/7.3.1/thumb/v7e-m/fpv4-sp/hard/crtbegin.o
                [!provide]                        PROVIDE (__fini_array_end = .)
                0x000000000800408c                . = ALIGN (0x4)
                0x000000000800408c                _sidata = LOADADDR (.data)

.data           0x0000000020000000        0xc load address 0x000000000800408c
                0x0000000020000000                . = ALIGN (0x4)
                0x0000000020000000                _sdata = .
 *(.data)
 *(.data*)
 .data.SystemCoreClock
                0x0000000020000000        0x4 Core/Src/system_stm32f3xx.o
                0x0000000020000000                SystemCoreClock
 .data.uwTickPrio
                0x0000000020000004        0x4 Drivers/STM32F3xx_HAL_Driver/Src/stm32f3xx_hal.o
                0x0000000020000004                uwTickPrio
 .data.uwTickFreq
                0x0000000020000008        0x1 Drivers/STM32F3xx_HAL_Driver/Src/stm32f3xx_hal.o
                0x0000000020000008                uwTickFreq
                0x000000002000000c                . = ALIGN (0x4)
 *fill*         0x0000000020000009        0x3 
                0x000000002000000c                _edata = .

.igot.plt       0x000000002000000c        0x0 load address 0x0000000008004098
 .igot.plt      0x000000002000000c        0x0 c:/st/stm32cubeide_1.3.0/stm32cubeide/plugins/com.st.stm32cube.ide.mcu.externaltools.gnu-tools-for-stm32.7-2018-q2-update.win32_1.0.0.201904181610/tools/bin/../lib/gcc/arm-none-eabi/7.3.1/thumb/v7e-m/fpv4-sp/hard/crtbegin.o
                0x000000002000000c                . = ALIGN (0x4)

.bss            0x000000002000000c      0x32c load address 0x0000000008004098
                0x000000002000000c                _sbss = .
                0x000000002000000c                __bss_start__ = _sbss
 *(.bss)
 .bss           0x000000002000000c       0x1c c:/st/stm32cubeide_1.3.0/stm32cubeide/plugins/com.st.stm32cube.ide.mcu.externaltools.gnu-tools-for-stm32.7-2018-q2-update.win32_1.0.0.201904181610/tools/bin/../lib/gcc/arm-none-eabi/7.3.1/thumb/v7e-m/fpv4-sp/hard/crtbegin.o
 *(.bss*)
 *(COMMON)
 COMMON         0x0000000020000028      0x30c Core/Src/main.o
                0x0000000020000028                huart3
                0x00000000200000a8                hrtc
                0x00000000200000c8                hpcd_USB_FS
 COMMON         0x0000000020000334        0x4 Drivers/STM32F3xx_HAL_Driver/Src/stm32f3xx_hal.o
                0x0000000020000334                uwTick
                0x0000000020000338                . = ALIGN (0x4)
                0x0000000020000338                _ebss = .
                0x0000000020000338                __bss_end__ = _ebss

._user_heap_stack
                0x0000000020000338      0x600 load address 0x0000000008004098
                0x0000000020000338                . = ALIGN (0x8)
                0x0000000020000338                PROVIDE (end = .)
                [!provide]                        PROVIDE (_end = .)
                0x0000000020000538                . = (. + _Min_Heap_Size)
 *fill*         0x0000000020000338      0x200 
                0x0000000020000938                . = (. + _Min_Stack_Size)
 *fill*         0x0000000020000538      0x400 
                0x0000000020000938                . = ALIGN (0x8)

/DISCARD/
 libc.a(*)
 libm.a(*)
 libgcc.a(*)

.ARM.attributes
                0x0000000000000000       0x30
 *(.ARM.attributes)
 .ARM.attributes
                0x0000000000000000       0x22 c:/st/stm32cubeide_1.3.0/stm32cubeide/plugins/com.st.stm32cube.ide.mcu.externaltools.gnu-tools-for-stm32.7-2018-q2-update.win32_1.0.0.201904181610/tools/bin/../lib/gcc/arm-none-eabi/7.3.1/thumb/v7e-m/fpv4-sp/hard/crti.o
 .ARM.attributes
                0x0000000000000022       0x34 c:/st/stm32cubeide_1.3.0/stm32cubeide/plugins/com.st.stm32cube.ide.mcu.externaltools.gnu-tools-for-stm32.7-2018-q2-update.win32_1.0.0.201904181610/tools/bin/../lib/gcc/arm-none-eabi/7.3.1/thumb/v7e-m/fpv4-sp/hard/crtbegin.o
 .ARM.attributes
                0x0000000000000056       0x39 Core/Src/main.o
 .ARM.attributes
                0x000000000000008f       0x39 Core/Src/stm32f3xx_hal_msp.o
 .ARM.attributes
                0x00000000000000c8       0x39 Core/Src/stm32f3xx_it.o
 .ARM.attributes
                0x0000000000000101       0x39 Core/Src/system_stm32f3xx.o
 .ARM.attributes
                0x000000000000013a       0x21 Core/Startup/startup_stm32f303zetx.o
 .ARM.attributes
                0x000000000000015b       0x39 Drivers/STM32F3xx_HAL_Driver/Src/stm32f3xx_hal.o
 .ARM.attributes
                0x0000000000000194       0x39 Drivers/STM32F3xx_HAL_Driver/Src/stm32f3xx_hal_cortex.o
 .ARM.attributes
                0x00000000000001cd       0x39 Drivers/STM32F3xx_HAL_Driver/Src/stm32f3xx_hal_gpio.o
 .ARM.attributes
                0x0000000000000206       0x39 Drivers/STM32F3xx_HAL_Driver/Src/stm32f3xx_hal_pcd.o
 .ARM.attributes
                0x000000000000023f       0x39 Drivers/STM32F3xx_HAL_Driver/Src/stm32f3xx_hal_rcc.o
 .ARM.attributes
                0x0000000000000278       0x39 Drivers/STM32F3xx_HAL_Driver/Src/stm32f3xx_hal_rcc_ex.o
 .ARM.attributes
                0x00000000000002b1       0x39 Drivers/STM32F3xx_HAL_Driver/Src/stm32f3xx_hal_rtc.o
 .ARM.attributes
                0x00000000000002ea       0x39 Drivers/STM32F3xx_HAL_Driver/Src/stm32f3xx_hal_uart.o
 .ARM.attributes
                0x0000000000000323       0x39 Drivers/STM32F3xx_HAL_Driver/Src/stm32f3xx_ll_usb.o
 .ARM.attributes
                0x000000000000035c       0x34 c:/st/stm32cubeide_1.3.0/stm32cubeide/plugins/com.st.stm32cube.ide.mcu.externaltools.gnu-tools-for-stm32.7-2018-q2-update.win32_1.0.0.201904181610/tools/bin/../lib/gcc/arm-none-eabi/7.3.1/../../../../arm-none-eabi/lib/thumb/v7e-m/fpv4-sp/hard\libc_nano.a(lib_a-init.o)
 .ARM.attributes
                0x0000000000000390       0x34 c:/st/stm32cubeide_1.3.0/stm32cubeide/plugins/com.st.stm32cube.ide.mcu.externaltools.gnu-tools-for-stm32.7-2018-q2-update.win32_1.0.0.201904181610/tools/bin/../lib/gcc/arm-none-eabi/7.3.1/../../../../arm-none-eabi/lib/thumb/v7e-m/fpv4-sp/hard\libc_nano.a(lib_a-memset.o)
 .ARM.attributes
                0x00000000000003c4       0x22 c:/st/stm32cubeide_1.3.0/stm32cubeide/plugins/com.st.stm32cube.ide.mcu.externaltools.gnu-tools-for-stm32.7-2018-q2-update.win32_1.0.0.201904181610/tools/bin/../lib/gcc/arm-none-eabi/7.3.1/thumb/v7e-m/fpv4-sp/hard/crtn.o
OUTPUT(Nucleo-F303ZE.elf elf32-littlearm)

.debug_info     0x0000000000000000     0xb36e
 .debug_info    0x0000000000000000     0x136a Core/Src/main.o
 .debug_info    0x000000000000136a     0x134f Core/Src/stm32f3xx_hal_msp.o
 .debug_info    0x00000000000026b9      0x69e Core/Src/stm32f3xx_it.o
 .debug_info    0x0000000000002d57      0x45c Core/Src/system_stm32f3xx.o
 .debug_info    0x00000000000031b3       0x22 Core/Startup/startup_stm32f303zetx.o
 .debug_info    0x00000000000031d5      0x812 Drivers/STM32F3xx_HAL_Driver/Src/stm32f3xx_hal.o
 .debug_info    0x00000000000039e7      0xdc9 Drivers/STM32F3xx_HAL_Driver/Src/stm32f3xx_hal_cortex.o
 .debug_info    0x00000000000047b0      0x7b2 Drivers/STM32F3xx_HAL_Driver/Src/stm32f3xx_hal_gpio.o
 .debug_info    0x0000000000004f62      0xe40 Drivers/STM32F3xx_HAL_Driver/Src/stm32f3xx_hal_pcd.o
 .debug_info    0x0000000000005da2     0x181f Drivers/STM32F3xx_HAL_Driver/Src/stm32f3xx_hal_rcc.o
 .debug_info    0x00000000000075c1      0x712 Drivers/STM32F3xx_HAL_Driver/Src/stm32f3xx_hal_rcc_ex.o
 .debug_info    0x0000000000007cd3      0xbf4 Drivers/STM32F3xx_HAL_Driver/Src/stm32f3xx_hal_rtc.o
 .debug_info    0x00000000000088c7     0x1592 Drivers/STM32F3xx_HAL_Driver/Src/stm32f3xx_hal_uart.o
 .debug_info    0x0000000000009e59     0x1515 Drivers/STM32F3xx_HAL_Driver/Src/stm32f3xx_ll_usb.o

.debug_abbrev   0x0000000000000000     0x1a22
 .debug_abbrev  0x0000000000000000      0x201 Core/Src/main.o
 .debug_abbrev  0x0000000000000201      0x1ff Core/Src/stm32f3xx_hal_msp.o
 .debug_abbrev  0x0000000000000400      0x155 Core/Src/stm32f3xx_it.o
 .debug_abbrev  0x0000000000000555      0x12b Core/Src/system_stm32f3xx.o
 .debug_abbrev  0x0000000000000680       0x12 Core/Startup/startup_stm32f303zetx.o
 .debug_abbrev  0x0000000000000692      0x1c7 Drivers/STM32F3xx_HAL_Driver/Src/stm32f3xx_hal.o
 .debug_abbrev  0x0000000000000859      0x2fa Drivers/STM32F3xx_HAL_Driver/Src/stm32f3xx_hal_cortex.o
 .debug_abbrev  0x0000000000000b53      0x1c0 Drivers/STM32F3xx_HAL_Driver/Src/stm32f3xx_hal_gpio.o
 .debug_abbrev  0x0000000000000d13      0x27d Drivers/STM32F3xx_HAL_Driver/Src/stm32f3xx_hal_pcd.o
 .debug_abbrev  0x0000000000000f90      0x28c Drivers/STM32F3xx_HAL_Driver/Src/stm32f3xx_hal_rcc.o
 .debug_abbrev  0x000000000000121c      0x219 Drivers/STM32F3xx_HAL_Driver/Src/stm32f3xx_hal_rcc_ex.o
 .debug_abbrev  0x0000000000001435      0x1af Drivers/STM32F3xx_HAL_Driver/Src/stm32f3xx_hal_rtc.o
 .debug_abbrev  0x00000000000015e4      0x205 Drivers/STM32F3xx_HAL_Driver/Src/stm32f3xx_hal_uart.o
 .debug_abbrev  0x00000000000017e9      0x239 Drivers/STM32F3xx_HAL_Driver/Src/stm32f3xx_ll_usb.o

.debug_aranges  0x0000000000000000      0x958
 .debug_aranges
                0x0000000000000000       0x50 Core/Src/main.o
 .debug_aranges
                0x0000000000000050       0x50 Core/Src/stm32f3xx_hal_msp.o
 .debug_aranges
                0x00000000000000a0       0x68 Core/Src/stm32f3xx_it.o
 .debug_aranges
                0x0000000000000108       0x28 Core/Src/system_stm32f3xx.o
 .debug_aranges
                0x0000000000000130       0x28 Core/Startup/startup_stm32f303zetx.o
 .debug_aranges
                0x0000000000000158       0xe0 Drivers/STM32F3xx_HAL_Driver/Src/stm32f3xx_hal.o
 .debug_aranges
                0x0000000000000238      0x118 Drivers/STM32F3xx_HAL_Driver/Src/stm32f3xx_hal_cortex.o
 .debug_aranges
                0x0000000000000350       0x58 Drivers/STM32F3xx_HAL_Driver/Src/stm32f3xx_hal_gpio.o
 .debug_aranges
                0x00000000000003a8      0x120 Drivers/STM32F3xx_HAL_Driver/Src/stm32f3xx_hal_pcd.o
 .debug_aranges
                0x00000000000004c8       0x88 Drivers/STM32F3xx_HAL_Driver/Src/stm32f3xx_hal_rcc.o
 .debug_aranges
                0x0000000000000550       0x38 Drivers/STM32F3xx_HAL_Driver/Src/stm32f3xx_hal_rcc_ex.o
 .debug_aranges
                0x0000000000000588       0xb8 Drivers/STM32F3xx_HAL_Driver/Src/stm32f3xx_hal_rtc.o
 .debug_aranges
                0x0000000000000640      0x210 Drivers/STM32F3xx_HAL_Driver/Src/stm32f3xx_hal_uart.o
 .debug_aranges
                0x0000000000000850      0x108 Drivers/STM32F3xx_HAL_Driver/Src/stm32f3xx_ll_usb.o

.debug_ranges   0x0000000000000000      0x880
 .debug_ranges  0x0000000000000000       0x40 Core/Src/main.o
 .debug_ranges  0x0000000000000040       0x40 Core/Src/stm32f3xx_hal_msp.o
 .debug_ranges  0x0000000000000080       0x58 Core/Src/stm32f3xx_it.o
 .debug_ranges  0x00000000000000d8       0x18 Core/Src/system_stm32f3xx.o
 .debug_ranges  0x00000000000000f0       0x20 Core/Startup/startup_stm32f303zetx.o
 .debug_ranges  0x0000000000000110       0xd0 Drivers/STM32F3xx_HAL_Driver/Src/stm32f3xx_hal.o
 .debug_ranges  0x00000000000001e0      0x108 Drivers/STM32F3xx_HAL_Driver/Src/stm32f3xx_hal_cortex.o
 .debug_ranges  0x00000000000002e8       0x48 Drivers/STM32F3xx_HAL_Driver/Src/stm32f3xx_hal_gpio.o
 .debug_ranges  0x0000000000000330      0x110 Drivers/STM32F3xx_HAL_Driver/Src/stm32f3xx_hal_pcd.o
 .debug_ranges  0x0000000000000440       0x78 Drivers/STM32F3xx_HAL_Driver/Src/stm32f3xx_hal_rcc.o
 .debug_ranges  0x00000000000004b8       0x28 Drivers/STM32F3xx_HAL_Driver/Src/stm32f3xx_hal_rcc_ex.o
 .debug_ranges  0x00000000000004e0       0xa8 Drivers/STM32F3xx_HAL_Driver/Src/stm32f3xx_hal_rtc.o
 .debug_ranges  0x0000000000000588      0x200 Drivers/STM32F3xx_HAL_Driver/Src/stm32f3xx_hal_uart.o
 .debug_ranges  0x0000000000000788       0xf8 Drivers/STM32F3xx_HAL_Driver/Src/stm32f3xx_ll_usb.o

.debug_macro    0x0000000000000000    0x1c970
 .debug_macro   0x0000000000000000      0x206 Core/Src/main.o
 .debug_macro   0x0000000000000206      0xa5a Core/Src/main.o
 .debug_macro   0x0000000000000c60      0x15d Core/Src/main.o
 .debug_macro   0x0000000000000dbd       0x2e Core/Src/main.o
 .debug_macro   0x0000000000000deb       0x28 Core/Src/main.o
 .debug_macro   0x0000000000000e13       0x22 Core/Src/main.o
 .debug_macro   0x0000000000000e35       0x8e Core/Src/main.o
 .debug_macro   0x0000000000000ec3       0x51 Core/Src/main.o
 .debug_macro   0x0000000000000f14       0xef Core/Src/main.o
 .debug_macro   0x0000000000001003       0x6a Core/Src/main.o
 .debug_macro   0x000000000000106d      0x1df Core/Src/main.o
 .debug_macro   0x000000000000124c       0x1c Core/Src/main.o
 .debug_macro   0x0000000000001268       0x22 Core/Src/main.o
 .debug_macro   0x000000000000128a       0xdf Core/Src/main.o
 .debug_macro   0x0000000000001369     0x102d Core/Src/main.o
 .debug_macro   0x0000000000002396      0x11f Core/Src/main.o
 .debug_macro   0x00000000000024b5    0x15353 Core/Src/main.o
 .debug_macro   0x0000000000017808       0x43 Core/Src/main.o
 .debug_macro   0x000000000001784b      0x174 Core/Src/main.o
 .debug_macro   0x00000000000179bf       0x53 Core/Src/main.o
 .debug_macro   0x0000000000017a12      0x954 Core/Src/main.o
 .debug_macro   0x0000000000018366      0x84a Core/Src/main.o
 .debug_macro   0x0000000000018bb0      0x12f Core/Src/main.o
 .debug_macro   0x0000000000018cdf      0x23a Core/Src/main.o
 .debug_macro   0x0000000000018f19      0x1ea Core/Src/main.o
 .debug_macro   0x0000000000019103      0x1bc Core/Src/main.o
 .debug_macro   0x00000000000192bf       0x30 Core/Src/main.o
 .debug_macro   0x00000000000192ef       0x3c Core/Src/main.o
 .debug_macro   0x000000000001932b      0x236 Core/Src/main.o
 .debug_macro   0x0000000000019561       0xc5 Core/Src/main.o
 .debug_macro   0x0000000000019626      0x21d Core/Src/main.o
 .debug_macro   0x0000000000019843      0x22c Core/Src/main.o
 .debug_macro   0x0000000000019a6f       0x58 Core/Src/main.o
 .debug_macro   0x0000000000019ac7       0xa5 Core/Src/main.o
 .debug_macro   0x0000000000019b6c       0x65 Core/Src/main.o
 .debug_macro   0x0000000000019bd1      0x249 Core/Src/main.o
 .debug_macro   0x0000000000019e1a       0x81 Core/Src/main.o
 .debug_macro   0x0000000000019e9b       0xd3 Core/Src/main.o
 .debug_macro   0x0000000000019f6e      0x30c Core/Src/main.o
 .debug_macro   0x000000000001a27a      0x3df Core/Src/main.o
 .debug_macro   0x000000000001a659       0xeb Core/Src/main.o
 .debug_macro   0x000000000001a744      0x589 Core/Src/main.o
 .debug_macro   0x000000000001accd       0x44 Core/Src/main.o
 .debug_macro   0x000000000001ad11      0x347 Core/Src/main.o
 .debug_macro   0x000000000001b058       0xac Core/Src/main.o
 .debug_macro   0x000000000001b104      0x206 Core/Src/stm32f3xx_hal_msp.o
 .debug_macro   0x000000000001b30a      0x210 Core/Src/stm32f3xx_it.o
 .debug_macro   0x000000000001b51a      0x1fd Core/Src/system_stm32f3xx.o
 .debug_macro   0x000000000001b717      0x21b Drivers/STM32F3xx_HAL_Driver/Src/stm32f3xx_hal.o
 .debug_macro   0x000000000001b932      0x1f7 Drivers/STM32F3xx_HAL_Driver/Src/stm32f3xx_hal_cortex.o
 .debug_macro   0x000000000001bb29      0x22f Drivers/STM32F3xx_HAL_Driver/Src/stm32f3xx_hal_gpio.o
 .debug_macro   0x000000000001bd58      0x203 Drivers/STM32F3xx_HAL_Driver/Src/stm32f3xx_hal_pcd.o
 .debug_macro   0x000000000001bf5b      0x21b Drivers/STM32F3xx_HAL_Driver/Src/stm32f3xx_hal_rcc.o
 .debug_macro   0x000000000001c176      0x1f7 Drivers/STM32F3xx_HAL_Driver/Src/stm32f3xx_hal_rcc_ex.o
 .debug_macro   0x000000000001c36d      0x1f8 Drivers/STM32F3xx_HAL_Driver/Src/stm32f3xx_hal_rtc.o
 .debug_macro   0x000000000001c565      0x214 Drivers/STM32F3xx_HAL_Driver/Src/stm32f3xx_hal_uart.o
 .debug_macro   0x000000000001c779      0x1f7 Drivers/STM32F3xx_HAL_Driver/Src/stm32f3xx_ll_usb.o

.debug_line     0x0000000000000000     0x86e0
 .debug_line    0x0000000000000000      0x7ac Core/Src/main.o
 .debug_line    0x00000000000007ac      0x78c Core/Src/stm32f3xx_hal_msp.o
 .debug_line    0x0000000000000f38      0x7a8 Core/Src/stm32f3xx_it.o
 .debug_line    0x00000000000016e0      0x712 Core/Src/system_stm32f3xx.o
 .debug_line    0x0000000000001df2       0x85 Core/Startup/startup_stm32f303zetx.o
 .debug_line    0x0000000000001e77      0x8cd Drivers/STM32F3xx_HAL_Driver/Src/stm32f3xx_hal.o
 .debug_line    0x0000000000002744      0xa02 Drivers/STM32F3xx_HAL_Driver/Src/stm32f3xx_hal_cortex.o
 .debug_line    0x0000000000003146      0x8aa Drivers/STM32F3xx_HAL_Driver/Src/stm32f3xx_hal_gpio.o
 .debug_line    0x00000000000039f0      0xba1 Drivers/STM32F3xx_HAL_Driver/Src/stm32f3xx_hal_pcd.o
 .debug_line    0x0000000000004591      0xe48 Drivers/STM32F3xx_HAL_Driver/Src/stm32f3xx_hal_rcc.o
 .debug_line    0x00000000000053d9      0xa6e Drivers/STM32F3xx_HAL_Driver/Src/stm32f3xx_hal_rcc_ex.o
 .debug_line    0x0000000000005e47      0xa91 Drivers/STM32F3xx_HAL_Driver/Src/stm32f3xx_hal_rtc.o
 .debug_line    0x00000000000068d8     0x1233 Drivers/STM32F3xx_HAL_Driver/Src/stm32f3xx_hal_uart.o
 .debug_line    0x0000000000007b0b      0xbd5 Drivers/STM32F3xx_HAL_Driver/Src/stm32f3xx_ll_usb.o

.debug_str      0x0000000000000000    0xab4ae
 .debug_str     0x0000000000000000    0xa8ff7 Core/Src/main.o
                                      0xa9660 (size before relaxing)
 .debug_str     0x00000000000a8ff7      0x414 Core/Src/stm32f3xx_hal_msp.o
                                      0xa9806 (size before relaxing)
 .debug_str     0x00000000000a940b       0xbd Core/Src/stm32f3xx_it.o
                                      0xa8dbd (size before relaxing)
 .debug_str     0x00000000000a94c8       0xc7 Core/Src/system_stm32f3xx.o
                                      0xa881b (size before relaxing)
 .debug_str     0x00000000000a958f       0x36 Core/Startup/startup_stm32f303zetx.o
                                         0x85 (size before relaxing)
 .debug_str     0x00000000000a95c5      0x3d9 Drivers/STM32F3xx_HAL_Driver/Src/stm32f3xx_hal.o
                                      0xa900e (size before relaxing)
 .debug_str     0x00000000000a999e      0x3aa Drivers/STM32F3xx_HAL_Driver/Src/stm32f3xx_hal_cortex.o
                                      0xa911c (size before relaxing)
 .debug_str     0x00000000000a9d48      0x256 Drivers/STM32F3xx_HAL_Driver/Src/stm32f3xx_hal_gpio.o
                                      0xa8ae5 (size before relaxing)
 .debug_str     0x00000000000a9f9e      0x380 Drivers/STM32F3xx_HAL_Driver/Src/stm32f3xx_hal_pcd.o
                                      0xa8e3a (size before relaxing)
 .debug_str     0x00000000000aa31e      0x309 Drivers/STM32F3xx_HAL_Driver/Src/stm32f3xx_hal_rcc.o
                                      0xa8c79 (size before relaxing)
 .debug_str     0x00000000000aa627       0xd8 Drivers/STM32F3xx_HAL_Driver/Src/stm32f3xx_hal_rcc_ex.o
                                      0xa8ac3 (size before relaxing)
 .debug_str     0x00000000000aa6ff      0x298 Drivers/STM32F3xx_HAL_Driver/Src/stm32f3xx_hal_rtc.o
                                      0xa8c76 (size before relaxing)
 .debug_str     0x00000000000aa997      0x80a Drivers/STM32F3xx_HAL_Driver/Src/stm32f3xx_hal_uart.o
                                      0xa93d5 (size before relaxing)
 .debug_str     0x00000000000ab1a1      0x30d Drivers/STM32F3xx_HAL_Driver/Src/stm32f3xx_ll_usb.o
                                      0xa8c90 (size before relaxing)

.comment        0x0000000000000000       0x7b
 .comment       0x0000000000000000       0x7b Core/Src/main.o
                                         0x7c (size before relaxing)
 .comment       0x000000000000007b       0x7c Core/Src/stm32f3xx_hal_msp.o
 .comment       0x000000000000007b       0x7c Core/Src/stm32f3xx_it.o
 .comment       0x000000000000007b       0x7c Core/Src/system_stm32f3xx.o
 .comment       0x000000000000007b       0x7c Drivers/STM32F3xx_HAL_Driver/Src/stm32f3xx_hal.o
 .comment       0x000000000000007b       0x7c Drivers/STM32F3xx_HAL_Driver/Src/stm32f3xx_hal_cortex.o
 .comment       0x000000000000007b       0x7c Drivers/STM32F3xx_HAL_Driver/Src/stm32f3xx_hal_gpio.o
 .comment       0x000000000000007b       0x7c Drivers/STM32F3xx_HAL_Driver/Src/stm32f3xx_hal_pcd.o
 .comment       0x000000000000007b       0x7c Drivers/STM32F3xx_HAL_Driver/Src/stm32f3xx_hal_rcc.o
 .comment       0x000000000000007b       0x7c Drivers/STM32F3xx_HAL_Driver/Src/stm32f3xx_hal_rcc_ex.o
 .comment       0x000000000000007b       0x7c Drivers/STM32F3xx_HAL_Driver/Src/stm32f3xx_hal_rtc.o
 .comment       0x000000000000007b       0x7c Drivers/STM32F3xx_HAL_Driver/Src/stm32f3xx_hal_uart.o
 .comment       0x000000000000007b       0x7c Drivers/STM32F3xx_HAL_Driver/Src/stm32f3xx_ll_usb.o

.debug_frame    0x0000000000000000     0x2600
 .debug_frame   0x0000000000000000       0xec Core/Src/main.o
 .debug_frame   0x00000000000000ec      0x118 Core/Src/stm32f3xx_hal_msp.o
 .debug_frame   0x0000000000000204      0x128 Core/Src/stm32f3xx_it.o
 .debug_frame   0x000000000000032c       0x58 Core/Src/system_stm32f3xx.o
 .debug_frame   0x0000000000000384      0x334 Drivers/STM32F3xx_HAL_Driver/Src/stm32f3xx_hal.o
 .debug_frame   0x00000000000006b8      0x498 Drivers/STM32F3xx_HAL_Driver/Src/stm32f3xx_hal_cortex.o
 .debug_frame   0x0000000000000b50      0x14c Drivers/STM32F3xx_HAL_Driver/Src/stm32f3xx_hal_gpio.o
 .debug_frame   0x0000000000000c9c      0x500 Drivers/STM32F3xx_HAL_Driver/Src/stm32f3xx_hal_pcd.o
 .debug_frame   0x000000000000119c      0x214 Drivers/STM32F3xx_HAL_Driver/Src/stm32f3xx_hal_rcc.o
 .debug_frame   0x00000000000013b0       0xb4 Drivers/STM32F3xx_HAL_Driver/Src/stm32f3xx_hal_rcc_ex.o
 .debug_frame   0x0000000000001464      0x308 Drivers/STM32F3xx_HAL_Driver/Src/stm32f3xx_hal_rtc.o
 .debug_frame   0x000000000000176c      0x970 Drivers/STM32F3xx_HAL_Driver/Src/stm32f3xx_hal_uart.o
 .debug_frame   0x00000000000020dc      0x4d8 Drivers/STM32F3xx_HAL_Driver/Src/stm32f3xx_ll_usb.o
 .debug_frame   0x00000000000025b4       0x2c c:/st/stm32cubeide_1.3.0/stm32cubeide/plugins/com.st.stm32cube.ide.mcu.externaltools.gnu-tools-for-stm32.7-2018-q2-update.win32_1.0.0.201904181610/tools/bin/../lib/gcc/arm-none-eabi/7.3.1/../../../../arm-none-eabi/lib/thumb/v7e-m/fpv4-sp/hard\libc_nano.a(lib_a-init.o)
 .debug_frame   0x00000000000025e0       0x20 c:/st/stm32cubeide_1.3.0/stm32cubeide/plugins/com.st.stm32cube.ide.mcu.externaltools.gnu-tools-for-stm32.7-2018-q2-update.win32_1.0.0.201904181610/tools/bin/../lib/gcc/arm-none-eabi/7.3.1/../../../../arm-none-eabi/lib/thumb/v7e-m/fpv4-sp/hard\libc_nano.a(lib_a-memset.o)
